
> cudeca-frontend@0.0.0 coverage
> vitest run --coverage


[1m[46m RUN [49m[22m [36mv4.0.1 [39m[90mC:/Cudeca/cudeca-frontend[39m
      [2mCoverage enabled with [22m[33mv8[39m

node.exe : 
En línea: 1 Carácter: 1
+ & "C:\Program Files\nodejs/node.exe" "C:\Program 
Files\nodejs/node_mo ...
+ ~~~~~~~~~~~~~~~~~~~~~~~~~~~~~~~~~~~~~~~~~~~~~~~~~~~~~~~~~~
~~~~~~~~~~~
    + CategoryInfo          : NotSpecified: (:String) [], R 
   emoteException
    + FullyQualifiedErrorId : NativeCommandError
 
[31mÔÄ»ÔÄ»ÔÄ»ÔÄ»ÔÄ»ÔÄ»[39m[1m[41m Failed Suites 4 
[49m[22m[31mÔÄ»ÔÄ»ÔÄ»ÔÄ»ÔÄ»ÔÄ»ÔÄ»[39m

[41m[1m FAIL [22m[49m src/App.test.tsx[2m [ 
src/App.test.tsx ][22m
[41m[1m FAIL [22m[49m 
src/components/PrivateRoute.test.tsx[2m [ 
src/components/PrivateRoute.test.tsx ][22m
[41m[1m FAIL [22m[49m 
src/context/AuthContext.test.tsx[2m [ 
src/context/AuthContext.test.tsx ][22m
[41m[1m FAIL [22m[49m src/services/api.test.ts[2m [ 
src/services/api.test.ts ][22m
[31m[1mError[22m: Cannot find module 
'/@id/C:/Cudeca/cudeca-frontend/src/setupTests.ts'[39m
[31m[2mÔÄ»ÔÄ»ÔÄ»ÔÄ»ÔÄ»ÔÄ»ÔÄ»ÔÄ»ÔÄ»ÔÄ»ÔÄ»ÔÄ»ÔÄ»ÔÄ»ÔÄ»ÔÄ»ÔÄ»
ÔÄ»ÔÄ»ÔÄ»ÔÄ»ÔÄ»ÔÄ»ÔÄ»[1/4]ÔÄ»[22m[39m


[2m Test Files [22m [1m[31m4 failed[39m[22m[90m (4)[39m
[2m      Tests [22m [2mno tests[22m
[2m   Start at [22m 21:16:16
[2m   Duration [22m 2.79s[2m (transform 2ms, setup 0ms, collect 0ms, tests 0ms, environment 8.34s, prepare 272ms)[22m

