
> cudeca-frontend@0.0.0 test
> vitest


[1m[44m DEV [49m[22m [34mv4.0.15 [39m[90mC:/Users/juanm/OneDrive/Escritorio/Cosas Uni/ADAP/frontend/cudeca-frontend[39m

 [31mÔØ»[39m src/services/public.service.test.ts [2m([22m[2m6 tests[22m[2m | [22m[31m6 failed[39m[2m)[22m[32m 18[2mms[22m[39m
[31m       [31m├ù[31m debe obtener la lista de eventos p├║blicos[39m[32m 7[2mms[22m[39m
[31m       [31m├ù[31m debe manejar error al obtener eventos[39m[32m 2[2mms[22m[39m
[31m       [31m├ù[31m debe retornar array vac├¡o si no hay eventos[39m[32m 1[2mms[22m[39m
[31m       [31m├ù[31m debe obtener el detalle de un evento espec├¡fico[39m[32m 1[2mms[22m[39m
[31m       [31m├ù[31m debe manejar error cuando el evento no existe[39m[32m 1[2mms[22m[39m
[31m       [31m├ù[31m debe obtener evento con diferentes IDs[39m[32m 1[2mms[22m[39m
 [31mÔØ»[39m src/services/perfil.service.test.ts [2m([22m[2m11 tests[22m[2m | [22m[31m10 failed[39m[2m)[22m[32m 32[2mms[22m[39m
[31m       [31m├ù[31m debe obtener el perfil del usuario[39m[32m 7[2mms[22m[39m
[31m       [31m├ù[31m debe manejar error al obtener perfil[39m[32m 2[2mms[22m[39m
       [32mÔ£ô[39m debe actualizar el perfil correctamente[32m 4[2mms[22m[39m
[31m       [31m├ù[31m debe obtener el saldo del monedero[39m[32m 7[2mms[22m[39m
[31m       [31m├ù[31m debe recargar el monedero correctamente[39m[32m 1[2mms[22m[39m
[31m       [31m├ù[31m debe obtener el historial de compras[39m[32m 1[2mms[22m[39m
[31m       [31m├ù[31m debe obtener las entradas del usuario[39m[32m 1[2mms[22m[39m
[31m       [31m├ù[31m debe descargar una entrada[39m[32m 1[2mms[22m[39m
[31m       [31m├ù[31m debe obtener la suscripci├│n del usuario[39m[32m 1[2mms[22m[39m
[31m       [31m├ù[31m debe crear una nueva suscripci├│n[39m[32m 1[2mms[22m[39m
[31m       [31m├ù[31m debe cancelar una suscripci├│n[39m[32m 1[2mms[22m[39m
 [31mÔØ»[39m src/services/checkout.service.test.ts [2m([22m[2m8 tests[22m[2m | [22m[31m6 failed[39m[2m)[22m[32m 33[2mms[22m[39m
[31m       [31m├ù[31m debe iniciar el checkout correctamente[39m[32m 8[2mms[22m[39m
[31m       [31m├ù[31m debe manejar error al iniciar checkout[39m[32m 2[2mms[22m[39m
       [32mÔ£ô[39m debe confirmar el pago correctamente[32m 4[2mms[22m[39m
       [32mÔ£ô[39m debe obtener detalles de compra[32m 1[2mms[22m[39m
[31m       [31m├ù[31m debe listar datos fiscales del usuario[39m[32m 1[2mms[22m[39m
[31m       [31m├ù[31m debe crear datos fiscales[39m[32m 8[2mms[22m[39m
[31m       [31m├ù[31m debe actualizar datos fiscales[39m[32m 2[2mms[22m[39m
[31m       [31m├ù[31m debe eliminar datos fiscales[39m[32m 2[2mms[22m[39m
 [32mÔ£ô[39m src/features/seats/SeatMapEditor.test.tsx [2m([22m[2m27 tests[22m[2m)[22m[33m 2183[2mms[22m[39m
 [32mÔ£ô[39m src/pages/public/SandboxSeatMap.test.tsx [2m([22m[2m19 tests[22m[2m)[22m[33m 2023[2mms[22m[39m
node.exe : [90mstderr[2m | src/pages/public/PublicPages.test.tsx[2m > [22m[2mP├íginas P├║blicas (Cobertura)[2m > [22m[2mmaneja error en Login
En línea: 1 Carácter: 1
+ & "C:\Users\juanm\AppData\Roaming\JetBrains\IntelliJIdea2024.3\node\v ...
+ ~~~~~~~~~~~~~~~~~~~~~~~~~~~~~~~~~~~~~~~~~~~~~~~~~~~~~~~~~~~~~~~~~~~~~
    + CategoryInfo          : NotSpecified: ([90mstderr[2m... error en Login:String) [], RemoteException
    + FullyQualifiedErrorId : NativeCommandError
 
[22m[39mLogin failed: Error: Error de prueba
    at C:/Users/juanm/OneDrive/Escritorio/Cosas Uni/ADAP/frontend/cudeca-frontend/src/pages/public/PublicPages.test.tsx:98:37
    at [90mfile:///C:/Users/juanm/OneDrive/Escritorio/Cosas%20Uni/ADAP/frontend/cudeca-frontend/[39mnode_modules/[4m@vitest/runner[24m/dist/index.js:145:11
    at [90mfile:///C:/Users/juanm/OneDrive/Escritorio/Cosas%20Uni/ADAP/frontend/cudeca-frontend/[39mnode_modules/[4m@vitest/runner[24m/dist/index.js:915:26
    at [90mfile:///C:/Users/juanm/OneDrive/Escritorio/Cosas%20Uni/ADAP/frontend/cudeca-frontend/[39mnode_modules/[4m@vitest/runner[24m/dist/index.js:1240:20
    at new Promise (<anonymous>)
    at runWithTimeout 
[90m(file:///C:/Users/juanm/OneDrive/Escritorio/Cosas%20Uni/ADAP/frontend/cudeca-frontend/[39mnode_modules/[4m@vitest/runner[24m/dist/index.js:1206:10[90m)[39m
    at [90mfile:///C:/Users/juanm/OneDrive/Escritorio/Cosas%20Uni/ADAP/frontend/cudeca-frontend/[39mnode_modules/[4m@vitest/runner[24m/dist/index.js:1650:37
    at Traces.$ 
[90m(file:///C:/Users/juanm/OneDrive/Escritorio/Cosas%20Uni/ADAP/frontend/cudeca-frontend/[39mnode_modules/[4mvitest[24m/dist/chunks/traces.U4xDYhzZ.js:115:27[90m)[39m
    at trace 
[90m(file:///C:/Users/juanm/OneDrive/Escritorio/Cosas%20Uni/ADAP/frontend/cudeca-frontend/[39mnode_modules/[4mvitest[24m/dist/chunks/test.BT8LKgU9.js:239:21[90m)[39m
    at runTest 
[90m(file:///C:/Users/juanm/OneDrive/Escritorio/Cosas%20Uni/ADAP/frontend/cudeca-frontend/[39mnode_modules/[4m@vitest/runner[24m/dist/index.js:1650:12[90m)[39m

[90mstderr[2m | src/pages/public/PublicPages.test.tsx[2m > [22m[2mP├íginas P├║blicas (Cobertura)[2m > [22m[2mmaneja error en Registro
[22m[39mRegistration failed: Error: Error de prueba
    at C:/Users/juanm/OneDrive/Escritorio/Cosas Uni/ADAP/frontend/cudeca-frontend/src/pages/public/PublicPages.test.tsx:187:40
    at [90mfile:///C:/Users/juanm/OneDrive/Escritorio/Cosas%20Uni/ADAP/frontend/cudeca-frontend/[39mnode_modules/[4m@vitest/runner[24m/dist/index.js:145:11
    at [90mfile:///C:/Users/juanm/OneDrive/Escritorio/Cosas%20Uni/ADAP/frontend/cudeca-frontend/[39mnode_modules/[4m@vitest/runner[24m/dist/index.js:915:26
    at [90mfile:///C:/Users/juanm/OneDrive/Escritorio/Cosas%20Uni/ADAP/frontend/cudeca-frontend/[39mnode_modules/[4m@vitest/runner[24m/dist/index.js:1240:20
    at new Promise (<anonymous>)
    at runWithTimeout 
[90m(file:///C:/Users/juanm/OneDrive/Escritorio/Cosas%20Uni/ADAP/frontend/cudeca-frontend/[39mnode_modules/[4m@vitest/runner[24m/dist/index.js:1206:10[90m)[39m
    at [90mfile:///C:/Users/juanm/OneDrive/Escritorio/Cosas%20Uni/ADAP/frontend/cudeca-frontend/[39mnode_modules/[4m@vitest/runner[24m/dist/index.js:1650:37
    at Traces.$ 
[90m(file:///C:/Users/juanm/OneDrive/Escritorio/Cosas%20Uni/ADAP/frontend/cudeca-frontend/[39mnode_modules/[4mvitest[24m/dist/chunks/traces.U4xDYhzZ.js:115:27[90m)[39m
    at trace 
[90m(file:///C:/Users/juanm/OneDrive/Escritorio/Cosas%20Uni/ADAP/frontend/cudeca-frontend/[39mnode_modules/[4mvitest[24m/dist/chunks/test.BT8LKgU9.js:239:21[90m)[39m
    at runTest 
[90m(file:///C:/Users/juanm/OneDrive/Escritorio/Cosas%20Uni/ADAP/frontend/cudeca-frontend/[39mnode_modules/[4m@vitest/runner[24m/dist/index.js:1650:12[90m)[39m

[90mstderr[2m | src/context/AuthContext.test.tsx[2m > [22m[2mAuthContext[2m > [22m[2mInicializaci├│n[2m > [22m[2mdebe limpiar sesi├│n si localStorage tiene datos 
inv├ílidos
[22m[39mError restaurando sesi├│n: Error: Usuario con datos incompletos
    at initAuth (C:/Users/juanm/OneDrive/Escritorio/Cosas Uni/ADAP/frontend/cudeca-frontend/src/context/AuthContext.tsx:171:54)
    at C:/Users/juanm/OneDrive/Escritorio/Cosas Uni/ADAP/frontend/cudeca-frontend/src/context/AuthContext.tsx:205:5
    at Object.react_stack_bottom_frame [90m(C:\Users\juanm\OneDrive\Escritorio\Cosas 
Uni\ADAP\frontend\cudeca-frontend\[39mnode_modules\[4mreact-dom[24m\cjs\react-dom-client.development.js:25989:20[90m)[39m
    at runWithFiberInDEV [90m(C:\Users\juanm\OneDrive\Escritorio\Cosas 
Uni\ADAP\frontend\cudeca-frontend\[39mnode_modules\[4mreact-dom[24m\cjs\react-dom-client.development.js:874:13[90m)[39m
    at commitHookEffectListMount [90m(C:\Users\juanm\OneDrive\Escritorio\Cosas 
Uni\ADAP\frontend\cudeca-frontend\[39mnode_modules\[4mreact-dom[24m\cjs\react-dom-client.development.js:13249:29[90m)[39m
    at commitHookPassiveMountEffects [90m(C:\Users\juanm\OneDrive\Escritorio\Cosas 
Uni\ADAP\frontend\cudeca-frontend\[39mnode_modules\[4mreact-dom[24m\cjs\react-dom-client.development.js:13336:11[90m)[39m
    at commitPassiveMountOnFiber [90m(C:\Users\juanm\OneDrive\Escritorio\Cosas 
Uni\ADAP\frontend\cudeca-frontend\[39mnode_modules\[4mreact-dom[24m\cjs\react-dom-client.development.js:15484:13[90m)[39m
    at recursivelyTraversePassiveMountEffects [90m(C:\Users\juanm\OneDrive\Escritorio\Cosas 
Uni\ADAP\frontend\cudeca-frontend\[39mnode_modules\[4mreact-dom[24m\cjs\react-dom-client.development.js:15439:11[90m)[39m
    at commitPassiveMountOnFiber [90m(C:\Users\juanm\OneDrive\Escritorio\Cosas 
Uni\ADAP\frontend\cudeca-frontend\[39mnode_modules\[4mreact-dom[24m\cjs\react-dom-client.development.js:15476:11[90m)[39m
    at recursivelyTraversePassiveMountEffects [90m(C:\Users\juanm\OneDrive\Escritorio\Cosas 
Uni\ADAP\frontend\cudeca-frontend\[39mnode_modules\[4mreact-dom[24m\cjs\react-dom-client.development.js:15439:11[90m)[39m

 [32mÔ£ô[39m src/features/seats/SeatMapViewer.test.tsx [2m([22m[2m12 tests[22m[2m)[22m[33m 514[2mms[22m[39m
[90mstderr[2m | src/context/AuthContext.test.tsx[2m > [22m[2mAuthContext[2m > [22m[2mCasos edge adicionales[2m > [22m[2mdebe manejar usuario sin campo id en 
localStorage
[22m[39mError restaurando sesi├│n: Error: Usuario con datos incompletos
    at initAuth (C:/Users/juanm/OneDrive/Escritorio/Cosas Uni/ADAP/frontend/cudeca-frontend/src/context/AuthContext.tsx:171:54)
    at C:/Users/juanm/OneDrive/Escritorio/Cosas Uni/ADAP/frontend/cudeca-frontend/src/context/AuthContext.tsx:205:5
    at Object.react_stack_bottom_frame [90m(C:\Users\juanm\OneDrive\Escritorio\Cosas 
Uni\ADAP\frontend\cudeca-frontend\[39mnode_modules\[4mreact-dom[24m\cjs\react-dom-client.development.js:25989:20[90m)[39m
    at runWithFiberInDEV [90m(C:\Users\juanm\OneDrive\Escritorio\Cosas 
Uni\ADAP\frontend\cudeca-frontend\[39mnode_modules\[4mreact-dom[24m\cjs\react-dom-client.development.js:874:13[90m)[39m
    at commitHookEffectListMount [90m(C:\Users\juanm\OneDrive\Escritorio\Cosas 
Uni\ADAP\frontend\cudeca-frontend\[39mnode_modules\[4mreact-dom[24m\cjs\react-dom-client.development.js:13249:29[90m)[39m
    at commitHookPassiveMountEffects [90m(C:\Users\juanm\OneDrive\Escritorio\Cosas 
Uni\ADAP\frontend\cudeca-frontend\[39mnode_modules\[4mreact-dom[24m\cjs\react-dom-client.development.js:13336:11[90m)[39m
    at commitPassiveMountOnFiber [90m(C:\Users\juanm\OneDrive\Escritorio\Cosas 
Uni\ADAP\frontend\cudeca-frontend\[39mnode_modules\[4mreact-dom[24m\cjs\react-dom-client.development.js:15484:13[90m)[39m
    at recursivelyTraversePassiveMountEffects [90m(C:\Users\juanm\OneDrive\Escritorio\Cosas 
Uni\ADAP\frontend\cudeca-frontend\[39mnode_modules\[4mreact-dom[24m\cjs\react-dom-client.development.js:15439:11[90m)[39m
    at commitPassiveMountOnFiber [90m(C:\Users\juanm\OneDrive\Escritorio\Cosas 
Uni\ADAP\frontend\cudeca-frontend\[39mnode_modules\[4mreact-dom[24m\cjs\react-dom-client.development.js:15476:11[90m)[39m
    at recursivelyTraversePassiveMountEffects [90m(C:\Users\juanm\OneDrive\Escritorio\Cosas 
Uni\ADAP\frontend\cudeca-frontend\[39mnode_modules\[4mreact-dom[24m\cjs\react-dom-client.development.js:15439:11[90m)[39m

[90mstderr[2m | src/context/AuthContext.test.tsx[2m > [22m[2mAuthContext[2m > [22m[2mCasos edge adicionales[2m > [22m[2mdebe manejar usuario sin campo email en 
localStorage
[22m[39mError restaurando sesi├│n: Error: Usuario con datos incompletos
    at initAuth (C:/Users/juanm/OneDrive/Escritorio/Cosas Uni/ADAP/frontend/cudeca-frontend/src/context/AuthContext.tsx:171:54)
    at C:/Users/juanm/OneDrive/Escritorio/Cosas Uni/ADAP/frontend/cudeca-frontend/src/context/AuthContext.tsx:205:5
    at Object.react_stack_bottom_frame [90m(C:\Users\juanm\OneDrive\Escritorio\Cosas 
Uni\ADAP\frontend\cudeca-frontend\[39mnode_modules\[4mreact-dom[24m\cjs\react-dom-client.development.js:25989:20[90m)[39m
    at runWithFiberInDEV [90m(C:\Users\juanm\OneDrive\Escritorio\Cosas 
Uni\ADAP\frontend\cudeca-frontend\[39mnode_modules\[4mreact-dom[24m\cjs\react-dom-client.development.js:874:13[90m)[39m
    at commitHookEffectListMount [90m(C:\Users\juanm\OneDrive\Escritorio\Cosas 
Uni\ADAP\frontend\cudeca-frontend\[39mnode_modules\[4mreact-dom[24m\cjs\react-dom-client.development.js:13249:29[90m)[39m
    at commitHookPassiveMountEffects [90m(C:\Users\juanm\OneDrive\Escritorio\Cosas 
Uni\ADAP\frontend\cudeca-frontend\[39mnode_modules\[4mreact-dom[24m\cjs\react-dom-client.development.js:13336:11[90m)[39m
    at commitPassiveMountOnFiber [90m(C:\Users\juanm\OneDrive\Escritorio\Cosas 
Uni\ADAP\frontend\cudeca-frontend\[39mnode_modules\[4mreact-dom[24m\cjs\react-dom-client.development.js:15484:13[90m)[39m
    at recursivelyTraversePassiveMountEffects [90m(C:\Users\juanm\OneDrive\Escritorio\Cosas 
Uni\ADAP\frontend\cudeca-frontend\[39mnode_modules\[4mreact-dom[24m\cjs\react-dom-client.development.js:15439:11[90m)[39m
    at commitPassiveMountOnFiber [90m(C:\Users\juanm\OneDrive\Escritorio\Cosas 
Uni\ADAP\frontend\cudeca-frontend\[39mnode_modules\[4mreact-dom[24m\cjs\react-dom-client.development.js:15476:11[90m)[39m
    at recursivelyTraversePassiveMountEffects [90m(C:\Users\juanm\OneDrive\Escritorio\Cosas 
Uni\ADAP\frontend\cudeca-frontend\[39mnode_modules\[4mreact-dom[24m\cjs\react-dom-client.development.js:15439:11[90m)[39m

[90mstderr[2m | src/context/AuthContext.test.tsx[2m > [22m[2mAuthContext[2m > [22m[2mCasos edge adicionales[2m > [22m[2mdebe manejar usuario sin campo rol en 
localStorage
[22m[39mError restaurando sesi├│n: Error: Usuario con datos incompletos
    at initAuth (C:/Users/juanm/OneDrive/Escritorio/Cosas Uni/ADAP/frontend/cudeca-frontend/src/context/AuthContext.tsx:171:54)
    at C:/Users/juanm/OneDrive/Escritorio/Cosas Uni/ADAP/frontend/cudeca-frontend/src/context/AuthContext.tsx:205:5
    at Object.react_stack_bottom_frame [90m(C:\Users\juanm\OneDrive\Escritorio\Cosas 
Uni\ADAP\frontend\cudeca-frontend\[39mnode_modules\[4mreact-dom[24m\cjs\react-dom-client.development.js:25989:20[90m)[39m
    at runWithFiberInDEV [90m(C:\Users\juanm\OneDrive\Escritorio\Cosas 
Uni\ADAP\frontend\cudeca-frontend\[39mnode_modules\[4mreact-dom[24m\cjs\react-dom-client.development.js:874:13[90m)[39m
    at commitHookEffectListMount [90m(C:\Users\juanm\OneDrive\Escritorio\Cosas 
Uni\ADAP\frontend\cudeca-frontend\[39mnode_modules\[4mreact-dom[24m\cjs\react-dom-client.development.js:13249:29[90m)[39m
    at commitHookPassiveMountEffects [90m(C:\Users\juanm\OneDrive\Escritorio\Cosas 
Uni\ADAP\frontend\cudeca-frontend\[39mnode_modules\[4mreact-dom[24m\cjs\react-dom-client.development.js:13336:11[90m)[39m
    at commitPassiveMountOnFiber [90m(C:\Users\juanm\OneDrive\Escritorio\Cosas 
Uni\ADAP\frontend\cudeca-frontend\[39mnode_modules\[4mreact-dom[24m\cjs\react-dom-client.development.js:15484:13[90m)[39m
    at recursivelyTraversePassiveMountEffects [90m(C:\Users\juanm\OneDrive\Escritorio\Cosas 
Uni\ADAP\frontend\cudeca-frontend\[39mnode_modules\[4mreact-dom[24m\cjs\react-dom-client.development.js:15439:11[90m)[39m
    at commitPassiveMountOnFiber [90m(C:\Users\juanm\OneDrive\Escritorio\Cosas 
Uni\ADAP\frontend\cudeca-frontend\[39mnode_modules\[4mreact-dom[24m\cjs\react-dom-client.development.js:15476:11[90m)[39m
    at recursivelyTraversePassiveMountEffects [90m(C:\Users\juanm\OneDrive\Escritorio\Cosas 
Uni\ADAP\frontend\cudeca-frontend\[39mnode_modules\[4mreact-dom[24m\cjs\react-dom-client.development.js:15439:11[90m)[39m

[90mstderr[2m | src/context/AuthContext.test.tsx[2m > [22m[2mAuthContext[2m > [22m[2mValidaci├│n de token fallida durante inicializaci├│n[2m > [22m[2mdebe manejar 
error de red en validateToken
[22m[39mError validando token: Error: Network Error
    at C:/Users/juanm/OneDrive/Escritorio/Cosas Uni/ADAP/frontend/cudeca-frontend/src/context/AuthContext.test.tsx:1040:54
    at [90mfile:///C:/Users/juanm/OneDrive/Escritorio/Cosas%20Uni/ADAP/frontend/cudeca-frontend/[39mnode_modules/[4m@vitest/runner[24m/dist/index.js:145:11
    at [90mfile:///C:/Users/juanm/OneDrive/Escritorio/Cosas%20Uni/ADAP/frontend/cudeca-frontend/[39mnode_modules/[4m@vitest/runner[24m/dist/index.js:915:26
    at [90mfile:///C:/Users/juanm/OneDrive/Escritorio/Cosas%20Uni/ADAP/frontend/cudeca-frontend/[39mnode_modules/[4m@vitest/runner[24m/dist/index.js:1240:20
    at new Promise (<anonymous>)
    at runWithTimeout 
[90m(file:///C:/Users/juanm/OneDrive/Escritorio/Cosas%20Uni/ADAP/frontend/cudeca-frontend/[39mnode_modules/[4m@vitest/runner[24m/dist/index.js:1206:10[90m)[39m
    at [90mfile:///C:/Users/juanm/OneDrive/Escritorio/Cosas%20Uni/ADAP/frontend/cudeca-frontend/[39mnode_modules/[4m@vitest/runner[24m/dist/index.js:1650:37
    at Traces.$ 
[90m(file:///C:/Users/juanm/OneDrive/Escritorio/Cosas%20Uni/ADAP/frontend/cudeca-frontend/[39mnode_modules/[4mvitest[24m/dist/chunks/traces.U4xDYhzZ.js:115:27[90m)[39m
    at trace 
[90m(file:///C:/Users/juanm/OneDrive/Escritorio/Cosas%20Uni/ADAP/frontend/cudeca-frontend/[39mnode_modules/[4mvitest[24m/dist/chunks/test.BT8LKgU9.js:239:21[90m)[39m
    at runTest 
[90m(file:///C:/Users/juanm/OneDrive/Escritorio/Cosas%20Uni/ADAP/frontend/cudeca-frontend/[39mnode_modules/[4m@vitest/runner[24m/dist/index.js:1650:12[90m)[39m

[90mstdout[2m | src/pages/public/PublicPages.test.tsx[2m > [22m[2mP├íginas P├║blicas (Cobertura)[2m > [22m[2mpermite interactuar con el perfil de usuario
[22m[39mEdit button clicked

[90mstderr[2m | src/context/AuthContext.test.tsx[2m > [22m[2mAuthContext[2m > [22m[2mRegister[2m > [22m[2mdebe lanzar error de AxiosError con mensaje del backend en 
register
[22m[39mAn update to AuthProvider inside a test was not wrapped in act(...).

When testing, code that causes React state updates should be wrapped into act(...):

act(() => {
  /* fire events that update state */
});
/* assert on the output */

This ensures that you're testing the behavior the user would see in the browser. Learn more at https://react.dev/link/wrap-tests-with-act

[90mstderr[2m | src/context/AuthContext.test.tsx[2m > [22m[2mAuthContext[2m > [22m[2mRegister[2m > [22m[2mdebe lanzar error de AxiosError con mensaje del backend en 
register
[22m[39mAn update to AuthProvider inside a test was not wrapped in act(...).

When testing, code that causes React state updates should be wrapped into act(...):

act(() => {
  /* fire events that update state */
});
/* assert on the output */

This ensures that you're testing the behavior the user would see in the browser. Learn more at https://react.dev/link/wrap-tests-with-act

[90mstderr[2m | src/context/AuthContext.test.tsx[2m > [22m[2mAuthContext[2m > [22m[2mRegister[2m > [22m[2mdebe propagar error gen├®rico si no es AxiosError ni network 
error
[22m[39mAn update to AuthProvider inside a test was not wrapped in act(...).

When testing, code that causes React state updates should be wrapped into act(...):

act(() => {
  /* fire events that update state */
});
/* assert on the output */

This ensures that you're testing the behavior the user would see in the browser. Learn more at https://react.dev/link/wrap-tests-with-act

[90mstderr[2m | src/context/AuthContext.test.tsx[2m > [22m[2mAuthContext[2m > [22m[2mRegister[2m > [22m[2mdebe propagar error gen├®rico si no es AxiosError ni network 
error
[22m[39mAn update to AuthProvider inside a test was not wrapped in act(...).

When testing, code that causes React state updates should be wrapped into act(...):

act(() => {
  /* fire events that update state */
});
/* assert on the output */

This ensures that you're testing the behavior the user would see in the browser. Learn more at https://react.dev/link/wrap-tests-with-act

 [32mÔ£ô[39m src/context/AuthContext.test.tsx [2m([22m[2m39 tests[22m[2m)[22m[33m 1129[2mms[22m[39m
 [32mÔ£ô[39m src/pages/public/SandboxSeatMapEditor.test.tsx [2m([22m[2m23 tests[22m[2m)[22m[33m 1645[2mms[22m[39m
[90mstderr[2m | src/pages/public/PublicPages.test.tsx
[22m[39mError al cargar datos fiscales: Error: Error en GET /datos-fiscales/usuario/1: Network Error
    at apiGet (C:/Users/juanm/OneDrive/Escritorio/Cosas Uni/ADAP/frontend/cudeca-frontend/src/services/api.ts:87:11)
[90m    at processTicksAndRejections (node:internal/process/task_queues:103:5)[39m
    at cargarDatosFiscales (C:/Users/juanm/OneDrive/Escritorio/Cosas Uni/ADAP/frontend/cudeca-frontend/src/pages/public/Checkout.tsx:56:21)

 [31mÔØ»[39m src/pages/public/PublicPages.test.tsx [2m([22m[2m37 tests[22m[2m | [22m[31m2 failed[39m[2m)[22m[33m 3661[2mms[22m[39m
     [33m[2mÔ£ô[22m[39m renderiza la p├ígina de Home [33m 744[2mms[22m[39m
     [32mÔ£ô[39m renderiza la p├ígina de Login y permite interacci├│n[32m 210[2mms[22m[39m
     [32mÔ£ô[39m muestra errores de validaci├│n en Login[32m 178[2mms[22m[39m
     [32mÔ£ô[39m maneja error en Login[32m 119[2mms[22m[39m
     [32mÔ£ô[39m alterna la visibilidad de la contrase├▒a en Login[32m 95[2mms[22m[39m
     [32mÔ£ô[39m renderiza la p├ígina de Registro y permite interacci├│n[32m 189[2mms[22m[39m
     [32mÔ£ô[39m muestra errores de validaci├│n en Registro[32m 184[2mms[22m[39m
     [32mÔ£ô[39m maneja error en Registro[32m 141[2mms[22m[39m
     [32mÔ£ô[39m alterna la visibilidad de la contrase├▒a y confirmaci├│n en Registro[32m 168[2mms[22m[39m
     [32mÔ£ô[39m renderiza la p├ígina de Checkout[32m 76[2mms[22m[39m
     [32mÔ£ô[39m renderiza el Detalle del Evento[32m 11[2mms[22m[39m
     [32mÔ£ô[39m renderiza la p├ígina de Perfil de Usuario[32m 35[2mms[22m[39m
     [32mÔ£ô[39m renderiza la p├ígina de Historial de Compras[32m 30[2mms[22m[39m
     [32mÔ£ô[39m renderiza la p├ígina de Confirmaci├│n de Compra Usuario[32m 26[2mms[22m[39m
     [32mÔ£ô[39m renderiza la p├ígina de Checkout Usuario[32m 54[2mms[22m[39m
     [32mÔ£ô[39m renderiza la p├ígina de Checkout Invitado[32m 55[2mms[22m[39m
     [32mÔ£ô[39m renderiza la p├ígina de Confirmaci├│n Compra Invitado[32m 31[2mms[22m[39m
     [32mÔ£ô[39m renderiza la p├ígina de Datos Fiscales[32m 38[2mms[22m[39m
     [32mÔ£ô[39m renderiza la p├ígina de Recarga de Saldo[32m 35[2mms[22m[39m
     [32mÔ£ô[39m renderiza la p├ígina de Suscripci├│n[32m 59[2mms[22m[39m
     [32mÔ£ô[39m muestra diferentes planes de suscripci├│n[32m 52[2mms[22m[39m
     [32mÔ£ô[39m muestra botones de editar en Datos Fiscales[32m 152[2mms[22m[39m
     [32mÔ£ô[39m muestra compras en el historial[32m 26[2mms[22m[39m
     [32mÔ£ô[39m muestra email del usuario en confirmaci├│n de compra[32m 23[2mms[22m[39m
     [32mÔ£ô[39m permite interactuar con el perfil de usuario[32m 115[2mms[22m[39m
     [32mÔ£ô[39m muestra todos los campos del perfil de usuario[32m 44[2mms[22m[39m
     [32mÔ£ô[39m renderiza correctamente los botones en CompraUsuario[32m 127[2mms[22m[39m
     [32mÔ£ô[39m renderiza correctamente los botones en CompraInvitado[32m 106[2mms[22m[39m
     [32mÔ£ô[39m muestra informaci├│n de contacto en CheckoutUsuario[32m 68[2mms[22m[39m
     [32mÔ£ô[39m muestra informaci├│n de contacto en CheckoutInvitado[32m 55[2mms[22m[39m
     [32mÔ£ô[39m muestra detalles de compras en el historial[32m 34[2mms[22m[39m
     [32mÔ£ô[39m muestra precios en el historial de compras[32m 32[2mms[22m[39m
     [32mÔ£ô[39m muestra estado de compras completadas[32m 25[2mms[22m[39m
[31m     [31m├ù[31m renderiza el header en todas las p├íginas de perfil[39m[32m 42[2mms[22m[39m
     [32mÔ£ô[39m muestra caracter├¡sticas de los planes de suscripci├│n[32m 59[2mms[22m[39m
[31m     [31m├ù[31m muestra precios de los planes de suscripci├│n[39m[32m 72[2mms[22m[39m
     [32mÔ£ô[39m verifica que el formulario de registro valida las contrase├▒as coincidentes[32m 143[2mms[22m[39m
 [32mÔ£ô[39m src/context/ThemeContext.test.tsx [2m([22m[2m8 tests[22m[2m)[22m[32m 93[2mms[22m[39m
 [32mÔ£ô[39m src/components/PrivateRoute.test.tsx [2m([22m[2m12 tests[22m[2m)[22m[32m 216[2mms[22m[39m
 [32mÔ£ô[39m src/services/api.test.ts [2m([22m[2m66 tests[22m[2m)[22m[32m 34[2mms[22m[39m
Not implemented: Window's scrollTo() method
Not implemented: Window's scrollTo() method
 [32mÔ£ô[39m src/App.test.tsx [2m([22m[2m2 tests[22m[2m)[22m[32m 35[2mms[22m[39m

[31mÔÄ»ÔÄ»ÔÄ»ÔÄ»ÔÄ»ÔÄ»[39m[1m[41m Failed Tests 24 [49m[22m[31mÔÄ»ÔÄ»ÔÄ»ÔÄ»ÔÄ»ÔÄ»ÔÄ»[39m

[41m[1m FAIL [22m[49m src/services/checkout.service.test.ts[2m > [22mCheckout Service[2m > [22miniciarCheckout[2m > [22mdebe iniciar el checkout correctamente
[31m[1mTypeError[22m: __vi_import_0__.iniciarCheckout is not a function[39m
[36m [2mÔØ»[22m src/services/checkout.service.test.ts:[2m37:28[22m[39m
    [90m 35| [39m      }[33m;[39m
    [90m 36| [39m
    [90m 37| [39m      [35mconst[39m result [33m=[39m [35mawait[39m [34miniciarCheckout[39m(request)[33m;[39m
    [90m   | [39m                           [31m^[39m
    [90m 38| [39m
    [90m 39| [39m      [34mexpect[39m(api[33m.[39mapiPost)[33m.[39m[34mtoHaveBeenCalledWith[39m([32m'/checkout'[39m[33m,[39m request)[33m;[39m

[31m[2mÔÄ»ÔÄ»ÔÄ»ÔÄ»ÔÄ»ÔÄ»ÔÄ»ÔÄ»ÔÄ»ÔÄ»ÔÄ»ÔÄ»ÔÄ»ÔÄ»ÔÄ»ÔÄ»ÔÄ»ÔÄ»ÔÄ»ÔÄ»ÔÄ»ÔÄ»ÔÄ»[1/24]ÔÄ»[22m[39m

[41m[1m FAIL [22m[49m src/services/checkout.service.test.ts[2m > [22mCheckout Service[2m > [22miniciarCheckout[2m > [22mdebe manejar error al iniciar checkout
[31m[1mTypeError[22m: __vi_import_0__.iniciarCheckout is not a function[39m
[36m [2mÔØ»[22m src/services/checkout.service.test.ts:[2m52:20[22m[39m
    [90m 50| [39m      }[33m;[39m
    [90m 51| [39m
    [90m 52| [39m      await expect(iniciarCheckout(request)).rejects.toThrow('Error deÔÇª
    [90m   | [39m                   [31m^[39m
    [90m 53| [39m    })[33m;[39m
    [90m 54| [39m  })[33m;[39m

[31m[2mÔÄ»ÔÄ»ÔÄ»ÔÄ»ÔÄ»ÔÄ»ÔÄ»ÔÄ»ÔÄ»ÔÄ»ÔÄ»ÔÄ»ÔÄ»ÔÄ»ÔÄ»ÔÄ»ÔÄ»ÔÄ»ÔÄ»ÔÄ»ÔÄ»ÔÄ»ÔÄ»[2/24]ÔÄ»[22m[39m

[41m[1m FAIL [22m[49m src/services/checkout.service.test.ts[2m > [22mCheckout Service[2m > [22mDatos Fiscales[2m > [22mdebe listar datos fiscales del usuario
[31m[1mTypeError[22m: __vi_import_0__.listarDatosFiscales is not a function[39m
[36m [2mÔØ»[22m src/services/checkout.service.test.ts:[2m116:28[22m[39m
    [90m114| [39m      vi[33m.[39m[34mmocked[39m(api[33m.[39mapiGet)[33m.[39m[34mmockResolvedValue[39m(mockResponse)[33m;[39m
    [90m115| [39m
    [90m116| [39m      [35mconst[39m result [33m=[39m [35mawait[39m [34mlistarDatosFiscales[39m([34m1[39m)[33m;[39m
    [90m   | [39m                           [31m^[39m
    [90m117| [39m
    [90m118| [39m      expect(api.apiGet).toHaveBeenCalledWith('/datos-fiscales/usuarioÔÇª

[31m[2mÔÄ»ÔÄ»ÔÄ»ÔÄ»ÔÄ»ÔÄ»ÔÄ»ÔÄ»ÔÄ»ÔÄ»ÔÄ»ÔÄ»ÔÄ»ÔÄ»ÔÄ»ÔÄ»ÔÄ»ÔÄ»ÔÄ»ÔÄ»ÔÄ»ÔÄ»ÔÄ»[3/24]ÔÄ»[22m[39m

[41m[1m FAIL [22m[49m src/services/checkout.service.test.ts[2m > [22mCheckout Service[2m > [22mDatos Fiscales[2m > [22mdebe crear datos fiscales
[31m[1mAssertionError[22m: expected "vi.fn()" to be called with arguments: [ '/datos-fiscales', ÔÇª(1) ][90m

Received: 

[1m  1st vi.fn() call:

[22m[2m  [[22m
[32m-   "/datos-fiscales",[90m
[32m-   {[90m
[32m-     "ciudad": "Madrid",[90m
[32m-     "codigoPostal": "28001",[90m
[32m-     "direccion": "Test Address",[90m
[32m-     "nif": "12345678A",[90m
[32m-     "nombre": "Test User",[90m
[32m-     "pais": "Espa├▒a",[90m
[32m-     "provincia": "Madrid",[90m
[32m-     "usuarioId": 1,[90m
[32m-   },[90m
[31m+   "/datos-fiscales/usuario/[object Object]",[90m
[31m+   undefined,[90m
[2m  ][22m
[31m[90m

Number of calls: [1m1[22m
[31m[39m
[36m [2mÔØ»[22m src/services/checkout.service.test.ts:[2m140:27[22m[39m
    [90m138| [39m      [35mconst[39m result [33m=[39m [35mawait[39m [34mcrearDatosFiscales[39m(mockData)[33m;[39m
    [90m139| [39m
    [90m140| [39m      expect(api.apiPost).toHaveBeenCalledWith('/datos-fiscales', mockÔÇª
    [90m   | [39m                          [31m^[39m
    [90m141| [39m      [34mexpect[39m(result)[33m.[39m[34mtoEqual[39m(mockResponse)[33m;[39m
    [90m142| [39m    })[33m;[39m

[31m[2mÔÄ»ÔÄ»ÔÄ»ÔÄ»ÔÄ»ÔÄ»ÔÄ»ÔÄ»ÔÄ»ÔÄ»ÔÄ»ÔÄ»ÔÄ»ÔÄ»ÔÄ»ÔÄ»ÔÄ»ÔÄ»ÔÄ»ÔÄ»ÔÄ»ÔÄ»ÔÄ»[4/24]ÔÄ»[22m[39m

[41m[1m FAIL [22m[49m src/services/checkout.service.test.ts[2m > [22mCheckout Service[2m > [22mDatos Fiscales[2m > [22mdebe actualizar datos fiscales
[31m[1mAssertionError[22m: expected "vi.fn()" to be called with arguments: [ '/datos-fiscales/1', ÔÇª(1) ][90m

Received: 

[1m  1st vi.fn() call:

[22m[2m  [[22m
[32m-   "/datos-fiscales/1",[90m
[32m-   {[90m
[32m-     "ciudad": "Barcelona",[90m
[32m-     "codigoPostal": "28002",[90m
[32m-     "direccion": "Updated Address",[90m
[32m-     "nif": "87654321B",[90m
[32m-     "nombre": "Updated User",[90m
[32m-     "pais": "Espa├▒a",[90m
[32m-     "provincia": "Barcelona",[90m
[32m-   },[90m
[31m+   "/datos-fiscales/1?usuarioId=[object Object]",[90m
[31m+   undefined,[90m
[2m  ][22m
[31m[90m

Number of calls: [1m1[22m
[31m[39m
[36m [2mÔØ»[22m src/services/checkout.service.test.ts:[2m161:26[22m[39m
    [90m159| [39m      [35mconst[39m result [33m=[39m [35mawait[39m [34mactualizarDatosFiscales[39m([34m1[39m[33m,[39m mockData)[33m;[39m
    [90m160| [39m
    [90m161| [39m      expect(api.apiPut).toHaveBeenCalledWith('/datos-fiscales/1', mocÔÇª
    [90m   | [39m                         [31m^[39m
    [90m162| [39m      [34mexpect[39m(result)[33m.[39m[34mtoEqual[39m(mockResponse)[33m;[39m
    [90m163| [39m    })[33m;[39m

[31m[2mÔÄ»ÔÄ»ÔÄ»ÔÄ»ÔÄ»ÔÄ»ÔÄ»ÔÄ»ÔÄ»ÔÄ»ÔÄ»ÔÄ»ÔÄ»ÔÄ»ÔÄ»ÔÄ»ÔÄ»ÔÄ»ÔÄ»ÔÄ»ÔÄ»ÔÄ»ÔÄ»[5/24]ÔÄ»[22m[39m

[41m[1m FAIL [22m[49m src/services/checkout.service.test.ts[2m > [22mCheckout Service[2m > [22mDatos Fiscales[2m > [22mdebe eliminar datos fiscales
[31m[1mAssertionError[22m: expected "vi.fn()" to be called with arguments: [ '/datos-fiscales/1' ][90m

Received: 

[1m  1st vi.fn() call:

[22m[2m  [[22m
[32m-   "/datos-fiscales/1",[90m
[31m+   "/datos-fiscales/1?usuarioId=undefined",[90m
[2m  ][22m
[31m[90m

Number of calls: [1m1[22m
[31m[39m
[36m [2mÔØ»[22m src/services/checkout.service.test.ts:[2m170:29[22m[39m
    [90m168| [39m      [35mawait[39m [34meliminarDatosFiscales[39m([34m1[39m)[33m;[39m
    [90m169| [39m
    [90m170| [39m      [34mexpect[39m(api[33m.[39mapiDelete)[33m.[39m[34mtoHaveBeenCalledWith[39m([32m'/datos-fiscales/1'[39m)[33m;[39m
    [90m   | [39m                            [31m^[39m
    [90m171| [39m    })[33m;[39m
    [90m172| [39m  })[33m;[39m

[31m[2mÔÄ»ÔÄ»ÔÄ»ÔÄ»ÔÄ»ÔÄ»ÔÄ»ÔÄ»ÔÄ»ÔÄ»ÔÄ»ÔÄ»ÔÄ»ÔÄ»ÔÄ»ÔÄ»ÔÄ»ÔÄ»ÔÄ»ÔÄ»ÔÄ»ÔÄ»ÔÄ»[6/24]ÔÄ»[22m[39m

[41m[1m FAIL [22m[49m src/services/perfil.service.test.ts[2m > [22mPerfil Service[2m > [22mobtenerPerfil[2m > [22mdebe obtener el perfil del usuario
[31m[1mTypeError[22m: __vi_import_0__.obtenerPerfil is not a function[39m
[36m [2mÔØ»[22m src/services/perfil.service.test.ts:[2m35:28[22m[39m
    [90m 33| [39m      vi[33m.[39m[34mmocked[39m(api[33m.[39mapiGet)[33m.[39m[34mmockResolvedValue[39m(mockResponse)[33m;[39m
    [90m 34| [39m
    [90m 35| [39m      [35mconst[39m result [33m=[39m [35mawait[39m [34mobtenerPerfil[39m([34m1[39m)[33m;[39m
    [90m   | [39m                           [31m^[39m
    [90m 36| [39m
    [90m 37| [39m      [34mexpect[39m(api[33m.[39mapiGet)[33m.[39m[34mtoHaveBeenCalledWith[39m([32m'/perfil/1'[39m)[33m;[39m

[31m[2mÔÄ»ÔÄ»ÔÄ»ÔÄ»ÔÄ»ÔÄ»ÔÄ»ÔÄ»ÔÄ»ÔÄ»ÔÄ»ÔÄ»ÔÄ»ÔÄ»ÔÄ»ÔÄ»ÔÄ»ÔÄ»ÔÄ»ÔÄ»ÔÄ»ÔÄ»ÔÄ»[7/24]ÔÄ»[22m[39m

[41m[1m FAIL [22m[49m src/services/perfil.service.test.ts[2m > [22mPerfil Service[2m > [22mobtenerPerfil[2m > [22mdebe manejar error al obtener perfil
[31m[1mTypeError[22m: __vi_import_0__.obtenerPerfil is not a function[39m
[36m [2mÔØ»[22m src/services/perfil.service.test.ts:[2m44:20[22m[39m
    [90m 42| [39m      vi.mocked(api.apiGet).mockRejectedValue(new Error('Usuario no enÔÇª
    [90m 43| [39m
    [90m 44| [39m      await expect(obtenerPerfil(999)).rejects.toThrow('Usuario no encÔÇª
    [90m   | [39m                   [31m^[39m
    [90m 45| [39m    })[33m;[39m
    [90m 46| [39m  })[33m;[39m

[31m[2mÔÄ»ÔÄ»ÔÄ»ÔÄ»ÔÄ»ÔÄ»ÔÄ»ÔÄ»ÔÄ»ÔÄ»ÔÄ»ÔÄ»ÔÄ»ÔÄ»ÔÄ»ÔÄ»ÔÄ»ÔÄ»ÔÄ»ÔÄ»ÔÄ»ÔÄ»ÔÄ»[8/24]ÔÄ»[22m[39m

[41m[1m FAIL [22m[49m src/services/perfil.service.test.ts[2m > [22mPerfil Service[2m > [22mMonedero[2m > [22mdebe obtener el saldo del monedero
[31m[1mAssertionError[22m: expected "vi.fn()" to be called with arguments: [ '/monedero/1' ][90m

Received: 

[1m  1st vi.fn() call:

[22m[2m  [[22m
[32m-   "/monedero/1",[90m
[31m+   "/perfil/1/monedero",[90m
[2m  ][22m
[31m[90m

Number of calls: [1m1[22m
[31m[39m
[36m [2mÔØ»[22m src/services/perfil.service.test.ts:[2m83:26[22m[39m
    [90m 81| [39m      [35mconst[39m result [33m=[39m [35mawait[39m [34mobtenerMonedero[39m([34m1[39m)[33m;[39m
    [90m 82| [39m
    [90m 83| [39m      [34mexpect[39m(api[33m.[39mapiGet)[33m.[39m[34mtoHaveBeenCalledWith[39m([32m'/monedero/1'[39m)[33m;[39m
    [90m   | [39m                         [31m^[39m
    [90m 84| [39m      [34mexpect[39m(result)[33m.[39m[34mtoEqual[39m(mockResponse)[33m;[39m
    [90m 85| [39m    })[33m;[39m

[31m[2mÔÄ»ÔÄ»ÔÄ»ÔÄ»ÔÄ»ÔÄ»ÔÄ»ÔÄ»ÔÄ»ÔÄ»ÔÄ»ÔÄ»ÔÄ»ÔÄ»ÔÄ»ÔÄ»ÔÄ»ÔÄ»ÔÄ»ÔÄ»ÔÄ»ÔÄ»ÔÄ»[9/24]ÔÄ»[22m[39m

[41m[1m FAIL [22m[49m src/services/perfil.service.test.ts[2m > [22mPerfil Service[2m > [22mMonedero[2m > [22mdebe recargar el monedero correctamente
[31m[1mTypeError[22m: __vi_import_0__.recargarMonedero is not a function[39m
[36m [2mÔØ»[22m src/services/perfil.service.test.ts:[2m101:28[22m[39m
    [90m 99| [39m      vi[33m.[39m[34mmocked[39m(api[33m.[39mapiPost)[33m.[39m[34mmockResolvedValue[39m(mockResponse)[33m;[39m
    [90m100| [39m
    [90m101| [39m      [35mconst[39m result [33m=[39m [35mawait[39m [34mrecargarMonedero[39m([34m1[39m[33m,[39m recargarData)[33m;[39m
    [90m   | [39m                           [31m^[39m
    [90m102| [39m
    [90m103| [39m      expect(api.apiPost).toHaveBeenCalledWith('/monedero/1/recargar',ÔÇª

[31m[2mÔÄ»ÔÄ»ÔÄ»ÔÄ»ÔÄ»ÔÄ»ÔÄ»ÔÄ»ÔÄ»ÔÄ»ÔÄ»ÔÄ»ÔÄ»ÔÄ»ÔÄ»ÔÄ»ÔÄ»ÔÄ»ÔÄ»ÔÄ»ÔÄ»ÔÄ»[10/24]ÔÄ»[22m[39m

[41m[1m FAIL [22m[49m src/services/perfil.service.test.ts[2m > [22mPerfil Service[2m > [22mHistorial de Compras[2m > [22mdebe obtener el historial de compras
[31m[1mTypeError[22m: __vi_import_0__.obtenerHistorialCompras is not a function[39m
[36m [2mÔØ»[22m src/services/perfil.service.test.ts:[2m129:28[22m[39m
    [90m127| [39m      vi[33m.[39m[34mmocked[39m(api[33m.[39mapiGet)[33m.[39m[34mmockResolvedValue[39m(mockResponse)[33m;[39m
    [90m128| [39m
    [90m129| [39m      [35mconst[39m result [33m=[39m [35mawait[39m [34mobtenerHistorialCompras[39m([34m1[39m)[33m;[39m
    [90m   | [39m                           [31m^[39m
    [90m130| [39m
    [90m131| [39m      [34mexpect[39m(api[33m.[39mapiGet)[33m.[39m[34mtoHaveBeenCalledWith[39m([32m'/compras/usuario/1'[39m)[33m;[39m

[31m[2mÔÄ»ÔÄ»ÔÄ»ÔÄ»ÔÄ»ÔÄ»ÔÄ»ÔÄ»ÔÄ»ÔÄ»ÔÄ»ÔÄ»ÔÄ»ÔÄ»ÔÄ»ÔÄ»ÔÄ»ÔÄ»ÔÄ»ÔÄ»ÔÄ»ÔÄ»[11/24]ÔÄ»[22m[39m

[41m[1m FAIL [22m[49m src/services/perfil.service.test.ts[2m > [22mPerfil Service[2m > [22mEntradas[2m > [22mdebe obtener las entradas del usuario
[31m[1mTypeError[22m: __vi_import_0__.obtenerEntradas is not a function[39m
[36m [2mÔØ»[22m src/services/perfil.service.test.ts:[2m150:28[22m[39m
    [90m148| [39m      vi[33m.[39m[34mmocked[39m(api[33m.[39mapiGet)[33m.[39m[34mmockResolvedValue[39m(mockResponse)[33m;[39m
    [90m149| [39m
    [90m150| [39m      [35mconst[39m result [33m=[39m [35mawait[39m [34mobtenerEntradas[39m([34m1[39m)[33m;[39m
    [90m   | [39m                           [31m^[39m
    [90m151| [39m
    [90m152| [39m      [34mexpect[39m(api[33m.[39mapiGet)[33m.[39m[34mtoHaveBeenCalledWith[39m([32m'/entradas/usuario/1'[39m)[33m;[39m

[31m[2mÔÄ»ÔÄ»ÔÄ»ÔÄ»ÔÄ»ÔÄ»ÔÄ»ÔÄ»ÔÄ»ÔÄ»ÔÄ»ÔÄ»ÔÄ»ÔÄ»ÔÄ»ÔÄ»ÔÄ»ÔÄ»ÔÄ»ÔÄ»ÔÄ»ÔÄ»[12/24]ÔÄ»[22m[39m

[41m[1m FAIL [22m[49m src/services/perfil.service.test.ts[2m > [22mPerfil Service[2m > [22mEntradas[2m > [22mdebe descargar una entrada
[31m[1mTypeError[22m: __vi_import_0__.descargarEntrada is not a function[39m
[36m [2mÔØ»[22m src/services/perfil.service.test.ts:[2m161:28[22m[39m
    [90m159| [39m      vi[33m.[39m[34mmocked[39m(api[33m.[39mapiGet)[33m.[39m[34mmockResolvedValue[39m(mockBlob)[33m;[39m
    [90m160| [39m
    [90m161| [39m      [35mconst[39m result [33m=[39m [35mawait[39m [34mdescargarEntrada[39m([34m1[39m)[33m;[39m
    [90m   | [39m                           [31m^[39m
    [90m162| [39m
    [90m163| [39m      expect(api.apiGet).toHaveBeenCalledWith('/entradas/1/pdf', { resÔÇª

[31m[2mÔÄ»ÔÄ»ÔÄ»ÔÄ»ÔÄ»ÔÄ»ÔÄ»ÔÄ»ÔÄ»ÔÄ»ÔÄ»ÔÄ»ÔÄ»ÔÄ»ÔÄ»ÔÄ»ÔÄ»ÔÄ»ÔÄ»ÔÄ»ÔÄ»ÔÄ»[13/24]ÔÄ»[22m[39m

[41m[1m FAIL [22m[49m src/services/perfil.service.test.ts[2m > [22mPerfil Service[2m > [22mSuscripci├│n[2m > [22mdebe obtener la suscripci├│n del usuario
[31m[1mTypeError[22m: __vi_import_0__.obtenerSuscripcion is not a function[39m
[36m [2mÔØ»[22m src/services/perfil.service.test.ts:[2m183:28[22m[39m
    [90m181| [39m      vi[33m.[39m[34mmocked[39m(api[33m.[39mapiGet)[33m.[39m[34mmockResolvedValue[39m(mockResponse)[33m;[39m
    [90m182| [39m
    [90m183| [39m      [35mconst[39m result [33m=[39m [35mawait[39m [34mobtenerSuscripcion[39m([34m1[39m)[33m;[39m
    [90m   | [39m                           [31m^[39m
    [90m184| [39m
    [90m185| [39m      expect(api.apiGet).toHaveBeenCalledWith('/suscripcion/usuario/1'ÔÇª

[31m[2mÔÄ»ÔÄ»ÔÄ»ÔÄ»ÔÄ»ÔÄ»ÔÄ»ÔÄ»ÔÄ»ÔÄ»ÔÄ»ÔÄ»ÔÄ»ÔÄ»ÔÄ»ÔÄ»ÔÄ»ÔÄ»ÔÄ»ÔÄ»ÔÄ»ÔÄ»[14/24]ÔÄ»[22m[39m

[41m[1m FAIL [22m[49m src/services/perfil.service.test.ts[2m > [22mPerfil Service[2m > [22mSuscripci├│n[2m > [22mdebe crear una nueva suscripci├│n
[31m[1mTypeError[22m: __vi_import_0__.crearSuscripcion is not a function[39m
[36m [2mÔØ»[22m src/services/perfil.service.test.ts:[2m207:28[22m[39m
    [90m205| [39m      vi[33m.[39m[34mmocked[39m(api[33m.[39mapiPost)[33m.[39m[34mmockResolvedValue[39m(mockResponse)[33m;[39m
    [90m206| [39m
    [90m207| [39m      [35mconst[39m result [33m=[39m [35mawait[39m [34mcrearSuscripcion[39m(suscripcionData)[33m;[39m
    [90m   | [39m                           [31m^[39m
    [90m208| [39m
    [90m209| [39m      expect(api.apiPost).toHaveBeenCalledWith('/suscripcion', suscripÔÇª

[31m[2mÔÄ»ÔÄ»ÔÄ»ÔÄ»ÔÄ»ÔÄ»ÔÄ»ÔÄ»ÔÄ»ÔÄ»ÔÄ»ÔÄ»ÔÄ»ÔÄ»ÔÄ»ÔÄ»ÔÄ»ÔÄ»ÔÄ»ÔÄ»ÔÄ»ÔÄ»[15/24]ÔÄ»[22m[39m

[41m[1m FAIL [22m[49m src/services/perfil.service.test.ts[2m > [22mPerfil Service[2m > [22mSuscripci├│n[2m > [22mdebe cancelar una suscripci├│n
[31m[1mTypeError[22m: __vi_import_0__.cancelarSuscripcion is not a function[39m
[36m [2mÔØ»[22m src/services/perfil.service.test.ts:[2m220:28[22m[39m
    [90m218| [39m      vi[33m.[39m[34mmocked[39m(api[33m.[39mapiDelete)[33m.[39m[34mmockResolvedValue[39m(mockResponse)[33m;[39m
    [90m219| [39m
    [90m220| [39m      [35mconst[39m result [33m=[39m [35mawait[39m [34mcancelarSuscripcion[39m([34m1[39m)[33m;[39m
    [90m   | [39m                           [31m^[39m
    [90m221| [39m
    [90m222| [39m      [34mexpect[39m(api[33m.[39mapiDelete)[33m.[39m[34mtoHaveBeenCalledWith[39m([32m'/suscripcion/1'[39m)[33m;[39m

[31m[2mÔÄ»ÔÄ»ÔÄ»ÔÄ»ÔÄ»ÔÄ»ÔÄ»ÔÄ»ÔÄ»ÔÄ»ÔÄ»ÔÄ»ÔÄ»ÔÄ»ÔÄ»ÔÄ»ÔÄ»ÔÄ»ÔÄ»ÔÄ»ÔÄ»ÔÄ»[16/24]ÔÄ»[22m[39m

[41m[1m FAIL [22m[49m src/services/public.service.test.ts[2m > [22mPublic Service[2m > [22mobtenerEventosPublicos[2m > [22mdebe obtener la lista de eventos p├║blicos
[31m[1mTypeError[22m: __vi_import_0__.obtenerEventosPublicos is not a function[39m
[36m [2mÔØ»[22m src/services/public.service.test.ts:[2m35:28[22m[39m
    [90m 33| [39m      vi[33m.[39m[34mmocked[39m(api[33m.[39mapiGet)[33m.[39m[34mmockResolvedValue[39m(mockResponse)[33m;[39m
    [90m 34| [39m
    [90m 35| [39m      [35mconst[39m result [33m=[39m [35mawait[39m [34mobtenerEventosPublicos[39m()[33m;[39m
    [90m   | [39m                           [31m^[39m
    [90m 36| [39m
    [90m 37| [39m      [34mexpect[39m(api[33m.[39mapiGet)[33m.[39m[34mtoHaveBeenCalledWith[39m([32m'/eventos/publicos'[39m)[33m;[39m

[31m[2mÔÄ»ÔÄ»ÔÄ»ÔÄ»ÔÄ»ÔÄ»ÔÄ»ÔÄ»ÔÄ»ÔÄ»ÔÄ»ÔÄ»ÔÄ»ÔÄ»ÔÄ»ÔÄ»ÔÄ»ÔÄ»ÔÄ»ÔÄ»ÔÄ»ÔÄ»[17/24]ÔÄ»[22m[39m

[41m[1m FAIL [22m[49m src/services/public.service.test.ts[2m > [22mPublic Service[2m > [22mobtenerEventosPublicos[2m > [22mdebe manejar error al obtener eventos
[31m[1mTypeError[22m: __vi_import_0__.obtenerEventosPublicos is not a function[39m
[36m [2mÔØ»[22m src/services/public.service.test.ts:[2m45:20[22m[39m
    [90m 43| [39m      vi.mocked(api.apiGet).mockRejectedValue(new Error('Error de coneÔÇª
    [90m 44| [39m
    [90m 45| [39m      await expect(obtenerEventosPublicos()).rejects.toThrow('Error deÔÇª
    [90m   | [39m                   [31m^[39m
    [90m 46| [39m    })[33m;[39m
    [90m 47| [39m

[31m[2mÔÄ»ÔÄ»ÔÄ»ÔÄ»ÔÄ»ÔÄ»ÔÄ»ÔÄ»ÔÄ»ÔÄ»ÔÄ»ÔÄ»ÔÄ»ÔÄ»ÔÄ»ÔÄ»ÔÄ»ÔÄ»ÔÄ»ÔÄ»ÔÄ»ÔÄ»[18/24]ÔÄ»[22m[39m

[41m[1m FAIL [22m[49m src/services/public.service.test.ts[2m > [22mPublic Service[2m > [22mobtenerEventosPublicos[2m > [22mdebe retornar array vac├¡o si no hay eventos
[31m[1mTypeError[22m: __vi_import_0__.obtenerEventosPublicos is not a function[39m
[36m [2mÔØ»[22m src/services/public.service.test.ts:[2m51:28[22m[39m
    [90m 49| [39m      vi[33m.[39m[34mmocked[39m(api[33m.[39mapiGet)[33m.[39m[34mmockResolvedValue[39m([])[33m;[39m
    [90m 50| [39m
    [90m 51| [39m      [35mconst[39m result [33m=[39m [35mawait[39m [34mobtenerEventosPublicos[39m()[33m;[39m
    [90m   | [39m                           [31m^[39m
    [90m 52| [39m
    [90m 53| [39m      [34mexpect[39m(result)[33m.[39m[34mtoEqual[39m([])[33m;[39m

[31m[2mÔÄ»ÔÄ»ÔÄ»ÔÄ»ÔÄ»ÔÄ»ÔÄ»ÔÄ»ÔÄ»ÔÄ»ÔÄ»ÔÄ»ÔÄ»ÔÄ»ÔÄ»ÔÄ»ÔÄ»ÔÄ»ÔÄ»ÔÄ»ÔÄ»ÔÄ»[19/24]ÔÄ»[22m[39m

[41m[1m FAIL [22m[49m src/services/public.service.test.ts[2m > [22mPublic Service[2m > [22mobtenerDetalleEvento[2m > [22mdebe obtener el detalle de un evento espec├¡fico
[31m[1mTypeError[22m: __vi_import_0__.obtenerDetalleEvento is not a function[39m
[36m [2mÔØ»[22m src/services/public.service.test.ts:[2m75:28[22m[39m
    [90m 73| [39m      vi[33m.[39m[34mmocked[39m(api[33m.[39mapiGet)[33m.[39m[34mmockResolvedValue[39m(mockResponse)[33m;[39m
    [90m 74| [39m
    [90m 75| [39m      [35mconst[39m result [33m=[39m [35mawait[39m [34mobtenerDetalleEvento[39m([34m1[39m)[33m;[39m
    [90m   | [39m                           [31m^[39m
    [90m 76| [39m
    [90m 77| [39m      [34mexpect[39m(api[33m.[39mapiGet)[33m.[39m[34mtoHaveBeenCalledWith[39m([32m'/eventos/1'[39m)[33m;[39m

[31m[2mÔÄ»ÔÄ»ÔÄ»ÔÄ»ÔÄ»ÔÄ»ÔÄ»ÔÄ»ÔÄ»ÔÄ»ÔÄ»ÔÄ»ÔÄ»ÔÄ»ÔÄ»ÔÄ»ÔÄ»ÔÄ»ÔÄ»ÔÄ»ÔÄ»ÔÄ»[20/24]ÔÄ»[22m[39m

[41m[1m FAIL [22m[49m src/services/public.service.test.ts[2m > [22mPublic Service[2m > [22mobtenerDetalleEvento[2m > [22mdebe manejar error cuando el evento no existe
[31m[1mTypeError[22m: __vi_import_0__.obtenerDetalleEvento is not a function[39m
[36m [2mÔØ»[22m src/services/public.service.test.ts:[2m84:20[22m[39m
    [90m 82| [39m      vi.mocked(api.apiGet).mockRejectedValue(new Error('Evento no encÔÇª
    [90m 83| [39m
    [90m 84| [39m      await expect(obtenerDetalleEvento(999)).rejects.toThrow('Evento ÔÇª
    [90m   | [39m                   [31m^[39m
    [90m 85| [39m    })[33m;[39m
    [90m 86| [39m

[31m[2mÔÄ»ÔÄ»ÔÄ»ÔÄ»ÔÄ»ÔÄ»ÔÄ»ÔÄ»ÔÄ»ÔÄ»ÔÄ»ÔÄ»ÔÄ»ÔÄ»ÔÄ»ÔÄ»ÔÄ»ÔÄ»ÔÄ»ÔÄ»ÔÄ»ÔÄ»[21/24]ÔÄ»[22m[39m

[41m[1m FAIL [22m[49m src/services/public.service.test.ts[2m > [22mPublic Service[2m > [22mobtenerDetalleEvento[2m > [22mdebe obtener evento con diferentes IDs
[31m[1mTypeError[22m: __vi_import_0__.obtenerDetalleEvento is not a function[39m
[36m [2mÔØ»[22m src/services/public.service.test.ts:[2m93:29[22m[39m
    [90m 91| [39m      vi.mocked(api.apiGet).mockResolvedValueOnce(mockEvent1).mockResoÔÇª
    [90m 92| [39m
    [90m 93| [39m      [35mconst[39m result1 [33m=[39m [35mawait[39m [34mobtenerDetalleEvento[39m([34m1[39m)[33m;[39m
    [90m   | [39m                            [31m^[39m
    [90m 94| [39m      [35mconst[39m result2 [33m=[39m [35mawait[39m [34mobtenerDetalleEvento[39m([34m2[39m)[33m;[39m
    [90m 95| [39m

[31m[2mÔÄ»ÔÄ»ÔÄ»ÔÄ»ÔÄ»ÔÄ»ÔÄ»ÔÄ»ÔÄ»ÔÄ»ÔÄ»ÔÄ»ÔÄ»ÔÄ»ÔÄ»ÔÄ»ÔÄ»ÔÄ»ÔÄ»ÔÄ»ÔÄ»ÔÄ»[22/24]ÔÄ»[22m[39m

[41m[1m FAIL [22m[49m src/pages/public/PublicPages.test.tsx[2m > [22mP├íginas P├║blicas (Cobertura)[2m > [22mrenderiza el header en todas las p├íginas de perfil
[31m[1mTestingLibraryElementError[22m[39m: Found multiple elements with the text: /Fundaci├│n Cudeca/i

Here are the matching elements:

Ignored nodes: comments, script, style
[36m<h1[39m
  [33mclass[39m=[32m"text-xl font-bold text-slate-900 dark:text-white font-['Arimo']"[39m
[36m>[39m
  [0mFundaci├│n Cudeca[0m
[36m</h1>[39m

Ignored nodes: comments, script, style
[36m<h2[39m
  [33mclass[39m=[32m"text-lg font-bold mb-4 font-['Arimo']"[39m
[36m>[39m
  [0mFundaci├│n Cudeca[0m
[36m</h2>[39m

Ignored nodes: comments, script, style
[36m<p[39m
  [33mclass[39m=[32m"text-sm text-slate-400"[39m
[36m>[39m
  [0m┬® 2025 Fundaci├│n Cudeca. Todos los derechos reservados.[0m
[36m</p>[39m

(If this is intentional, then use the `*AllBy*` variant of the query (like `queryAllByText`, `getAllByText`, or `findAllByText`)).

Ignored nodes: comments, script, style
[36m<body>[39m
  [36m<div>[39m
    [36m<div[39m
      [33mclass[39m=[32m"flex flex-col min-h-screen bg-white dark:bg-slate-950"[39m
    [36m>[39m
      [36m<header[39m
        [33mclass[39m=[32m"w-full h-20 bg-white dark:bg-slate-950 border-b border-slate-200 dark:border-slate-800"[39m
      [36m>[39m
        [36m<div[39m
          [33mclass[39m=[32m"container mx-auto px-8 h-full flex items-center justify-between"[39m
        [36m>[39m
          [36m<div[39m
            [33mclass[39m=[32m"flex items-center"[39m
          [36m>[39m
            [36m<a[39m
              [33mclass[39m=[32m"flex items-center"[39m
              [33mdata-discover[39m=[32m"true"[39m
              [33mhref[39m=[32m"/"[39m
            [36m>[39m
              [36m<h1[39m
                [33mclass[39m=[32m"text-xl font-bold text-slate-900 dark:text-white font-['Arimo']"[39m
              [36m>[39m
                [0mFundaci├│n Cudeca[0m
              [36m</h1>[39m
            [36m</a>[39m
          [36m</div>[39m
          [36m<nav[39m
            [33maria-label[39m=[32m"Main navigation"[39m
            [33mclass[39m=[32m"flex items-center gap-8"[39m
          [36m>[39m
            [36m<a[39m
              [33mclass[39m=[32m"flex flex-col items-center gap-1 pb-1 font-normal text-slate-600 dark:text-slate-400 hover:text-slate-900 dark:hover:text-white text-base 
transition-colors"[39m
              [33mdata-discover[39m=[32m"true"[39m
              [33mhref[39m=[32m"/"[39m
            [36m>[39m
              [0mInicio[0m
            [36m</a>[39m
            [36m<a[39m
              [33mclass[39m=[32m"flex flex-col items-center gap-1 pb-1 font-normal text-slate-600 dark:text-slate-400 hover:text-slate-900 dark:hover:text-white text-base 
transition-colors"[39m
              [33mdata-discover[39m=[32m"true"[39m
              [33mhref[39m=[32m"/eventos"[39m
            [36m>[39m
              [0mEventos[0m
            [36m</a>[39m
            [36m<a[39m
              [33mclass[39m=[32m"flex flex-col items-center gap-1 pb-1 font-normal text-slate-600 dark:text-slate-400 hover:text-slate-900 dark:hover:text-white text-base 
transition-colors"[39m
              [33mdata-discover[39m=[32m"true"[39m
              [33mhref[39m=[32m"/contacto"[39m
            [36m>[39m
              [0mContacto[0m
            [36m</a>[39m
          [36m</nav>[39m
          [36m<div[39m
            [33mclass[39m=[32m"flex items-center gap-4"[39m
          [36m>[39m
            [36m<button[39m
              [33maria-label[39m=[32m"Notificaciones, 2 sin leer"[39m
              [33mclass[39m=[32m"relative p-2 hover:bg-slate-100 dark:hover:bg-slate-800 rounded-lg transition-colors"[39m
            [36m>[39m
              [36m<svg[39m
                [33maria-hidden[39m=[32m"true"[39m
                [33mclass[39m=[32m"lucide lucide-bell w-5 h-5 text-slate-600 dark:text-slate-400"[39m
                [33mfill[39m=[32m"none"[39m
                [33mheight[39m=[32m"24"[39m
                [33mstroke[39m=[32m"currentColor"[39m
                [33mstroke-linecap[39m=[32m"round"[39m
                [33mstroke-linejoin[39m=[32m"round"[39m
                [33mstroke-width[39m=[32m"2"[39m
                [33mviewBox[39m=[32m"0 0 24 24"[39m
                [33mwidth[39m=[32m"24"[39m
                [33mxmlns[39m=[32m"http://www.w3.org/2000/svg"[39m
              [36m>[39m
                [36m<path[39m
                  [33md[39m=[32m"M10.268 21a2 2 0 0 0 3.464 0"[39m
                [36m/>[39m
                [36m<path[39m
                  [33md[39m=[32m"M3.262 15.326A1 1 0 0 0 4 17h16a1 1 0 0 0 .74-1.673C19.41 13.956 18 12.499 18 8A6 6 0 0 0 6 8c0 4.499-1.411 5.956-2.738 7.326"[39m
                [36m/>[39m
              [36m</svg>[39m
              [36m<span[39m
                [33mclass[39m=[32m"absolute top-1 right-1 w-4 h-4 bg-[#00a651] text-white text-xs rounded-full flex items-center justify-center"[39m
              [36m>[39m
                [0m2[0m
              [36m</span>[39m
            [36m</button>[39m
            [36m<a[39m
              [33mclass[39m=[32m"flex items-center gap-2 px-6 py-2 bg-[#00753e] hover:bg-[#00a651] text-white rounded-lg transition-colors"[39m
              [33mdata-discover[39m=[32m"true"[39m
              [33mhref[39m=[32m"/perfil"[39m
            [36m>[39m
              [36m<svg[39m
                [33maria-hidden[39m=[32m"true"[39m
                [33mclass[39m=[32m"lucide lucide-user w-4 h-4"[39m
                [33mfill[39m=[32m"none"[39m
                [33mheight[39m=[32m"24"[39m
                [33mstroke[39m=[32m"currentColor"[39m
                [33mstroke-linecap[39m=[32m"round"[39m
                [33mstroke-linejoin[39m=[32m"round"[39m
                [33mstroke-width[39m=[32m"2"[39m
                [33mviewBox[39m=[32m"0 0 24 24"[39m
                [33mwidth[39m=[32m"24"[39m
                [33mxmlns[39m=[32m"http://www.w3.org/2000/svg"[39m
              [36m>[39m
                [36m<path[39m
                  [33md[39m=[32m"M19 21v-2a4 4 0 0 0-4-4H9a4 4 0 0 0-4 4v2"[39m
                [36m/>[39m
                [36m<circle[39m
                  [33mcx[39m=[32m"12"[39m
                  [33mcy[39m=[32m"7"[39m
                  [33mr[39m=[32m"4"[39m
                [36m/>[39m
              [36m</svg>[39m
              [36m<span[39m
                [33mclass[39m=[32m"text-base"[39m
              [36m>[39m
                [0mMi Perfil[0m
              [36m</span>[39m
            [36m</a>[39m
          [36m</div>[39m
        [36m</div>[39m
      [36m</header>[39m
      [36m<main[39m
        [33mclass[39m=[32m"flex-1 w-full flex flex-col items-center bg-slate-50 dark:bg-slate-900"[39m
      [36m>[39m
        [36m<section[39m
          [33mclass[39m=[32m"w-full flex justify-center px-4 mt-8"[39m
        [36m>[39m
          [36m<div[39m
            [33mclass[39m=[32m"flex items-center gap-3 bg-white dark:bg-slate-900 rounded-lg p-4 shadow-sm border border-slate-200 dark:border-slate-800"[39m
          [36m>[39m
            [36m<div[39m
              [33mclass[39m=[32m"flex items-center gap-2 px-4 py-2 bg-slate-100 dark:bg-slate-800 rounded-lg"[39m
            [36m>[39m
              [36m<span[39m
                [33mclass[39m=[32m"text-sm font-normal text-slate-700 dark:text-slate-300 font-['Arimo']"[39m
              [36m>[39m
                [0mSaldo:[0m
              [36m</span>[39m
              [36m<span[39m
                [33mclass[39m=[32m"text-sm font-bold text-slate-900 dark:text-white font-['Arimo']"[39m
              [36m>[39m
                [0m36.00[0m
                [0mÔé¼[0m
   ...
[90m [2mÔØ»[22m Object.getElementError node_modules/@testing-library/dom/dist/config.js:[2m37:19[22m[39m
[90m [2mÔØ»[22m getElementError node_modules/@testing-library/dom/dist/query-helpers.js:[2m20:35[22m[39m
[90m [2mÔØ»[22m getMultipleElementsFoundError node_modules/@testing-library/dom/dist/query-helpers.js:[2m23:10[22m[39m
[90m [2mÔØ»[22m node_modules/@testing-library/dom/dist/query-helpers.js:[2m55:13[22m[39m
[90m [2mÔØ»[22m node_modules/@testing-library/dom/dist/query-helpers.js:[2m95:19[22m[39m
[36m [2mÔØ»[22m src/pages/public/PublicPages.test.tsx:[2m510:19[22m[39m
    [90m508| [39m      [33m<[39m[33m/[39m[33mMemoryRouter[39m[33m>[39m[33m,[39m
    [90m509| [39m    )[33m;[39m
    [90m510| [39m    [34mexpect[39m(screen[33m.[39m[34mgetByText[39m([36m/Fundaci├│n Cudeca/i[39m))[33m.[39m[34mtoBeInTheDocument[39m()[33m;[39m
    [90m   | [39m                  [31m^[39m
    [90m511| [39m    [34munmount[39m()[33m;[39m
    [90m512| [39m  })[33m;[39m

[31m[2mÔÄ»ÔÄ»ÔÄ»ÔÄ»ÔÄ»ÔÄ»ÔÄ»ÔÄ»ÔÄ»ÔÄ»ÔÄ»ÔÄ»ÔÄ»ÔÄ»ÔÄ»ÔÄ»ÔÄ»ÔÄ»ÔÄ»ÔÄ»ÔÄ»ÔÄ»[23/24]ÔÄ»[22m[39m

[41m[1m FAIL [22m[49m src/pages/public/PublicPages.test.tsx[2m > [22mP├íginas P├║blicas (Cobertura)[2m > [22mmuestra precios de los planes de suscripci├│n
[31m[1mTestingLibraryElementError[22m[39m: Found multiple elements with the text: /Socio Amigo/i

Here are the matching elements:

Ignored nodes: comments, script, style
[36m<h3[39m
  [33mclass[39m=[32m"text-2xl font-bold mb-2 text-white"[39m
[36m>[39m
  [0mSocio Amigo[0m
[36m</h3>[39m

Ignored nodes: comments, script, style
[36m<span[39m
  [33mclass[39m=[32m"text-sm text-slate-700 dark:text-slate-300"[39m
[36m>[39m
  [0mTodo de Socio Amigo[0m
[36m</span>[39m

(If this is intentional, then use the `*AllBy*` variant of the query (like `queryAllByText`, `getAllByText`, or `findAllByText`)).

Ignored nodes: comments, script, style
[36m<body>[39m
  [36m<div>[39m
    [36m<div[39m
      [33mclass[39m=[32m"flex flex-col min-h-screen bg-white dark:bg-slate-950"[39m
    [36m>[39m
      [36m<header[39m
        [33mclass[39m=[32m"w-full h-20 bg-white dark:bg-slate-950 border-b border-slate-200 dark:border-slate-800"[39m
      [36m>[39m
        [36m<div[39m
          [33mclass[39m=[32m"container mx-auto px-8 h-full flex items-center justify-between"[39m
        [36m>[39m
          [36m<div[39m
            [33mclass[39m=[32m"flex items-center"[39m
          [36m>[39m
            [36m<a[39m
              [33mclass[39m=[32m"flex items-center"[39m
              [33mdata-discover[39m=[32m"true"[39m
              [33mhref[39m=[32m"/"[39m
            [36m>[39m
              [36m<h1[39m
                [33mclass[39m=[32m"text-xl font-bold text-slate-900 dark:text-white font-['Arimo']"[39m
              [36m>[39m

[2m Test Files [22m [1m[31m4 failed[39m[22m[2m | [22m[1m[32m9 passed[39m[22m[90m (13)[39m
[2m      Tests [22m [1m[31m24 failed[39m[22m[2m | [22m[1m[32m246 passed[39m[22m[90m (270)[39m
[2m   Start at [22m 22:58:33
[2m   Duration [22m 12.66s[2m (transform 2.68s, setup 7.44s, import 9.13s, tests 11.62s, environment 30.11s)[22m

                [0mFundaci├│n Cudeca[0m
              [36m</h1>[39m
            [36m</a>[39m
          [36m</div>[39m
          [36m<nav[39m
            [33maria-label[39m=[32m"Main navigation"[39m
            [33mclass[39m=[32m"flex items-center gap-8"[39m
          [36m>[39m
            [36m<a[39m
              [33mclass[39m=[32m"flex flex-col items-center gap-1 pb-1 font-normal text-slate-600 dark:text-slate-400 hover:text-slate-900 dark:hover:text-white text-base 
transition-colors"[39m
              [33mdata-discover[39m=[32m"true"[39m
              [33mhref[39m=[32m"/"[39m
            [36m>[39m
              [0mInicio[0m
            [36m</a>[39m
            [36m<a[39m
              [33mclass[39m=[32m"flex flex-col items-center gap-1 pb-1 font-normal text-slate-600 dark:text-slate-400 hover:text-slate-900 dark:hover:text-white text-base 
transition-colors"[39m
              [33mdata-discover[39m=[32m"true"[39m
              [33mhref[39m=[32m"/eventos"[39m
            [36m>[39m
              [0mEventos[0m
            [36m</a>[39m
            [36m<a[39m
              [33mclass[39m=[32m"flex flex-col items-center gap-1 pb-1 font-normal text-slate-600 dark:text-slate-400 hover:text-slate-900 dark:hover:text-white text-base 
transition-colors"[39m
              [33mdata-discover[39m=[32m"true"[39m
              [33mhref[39m=[32m"/contacto"[39m
            [36m>[39m
              [0mContacto[0m
            [36m</a>[39m
          [36m</nav>[39m
          [36m<div[39m
            [33mclass[39m=[32m"flex items-center gap-4"[39m
          [36m>[39m
            [36m<button[39m
              [33maria-label[39m=[32m"Notificaciones, 2 sin leer"[39m
              [33mclass[39m=[32m"relative p-2 hover:bg-slate-100 dark:hover:bg-slate-800 rounded-lg transition-colors"[39m
            [36m>[39m
              [36m<svg[39m
                [33maria-hidden[39m=[32m"true"[39m
                [33mclass[39m=[32m"lucide lucide-bell w-5 h-5 text-slate-600 dark:text-slate-400"[39m
                [33mfill[39m=[32m"none"[39m
                [33mheight[39m=[32m"24"[39m
                [33mstroke[39m=[32m"currentColor"[39m
                [33mstroke-linecap[39m=[32m"round"[39m
                [33mstroke-linejoin[39m=[32m"round"[39m
                [33mstroke-width[39m=[32m"2"[39m
                [33mviewBox[39m=[32m"0 0 24 24"[39m
                [33mwidth[39m=[32m"24"[39m
                [33mxmlns[39m=[32m"http://www.w3.org/2000/svg"[39m
              [36m>[39m
                [36m<path[39m
                  [33md[39m=[32m"M10.268 21a2 2 0 0 0 3.464 0"[39m
                [36m/>[39m
                [36m<path[39m
                  [33md[39m=[32m"M3.262 15.326A1 1 0 0 0 4 17h16a1 1 0 0 0 .74-1.673C19.41 13.956 18 12.499 18 8A6 6 0 0 0 6 8c0 4.499-1.411 5.956-2.738 7.326"[39m
                [36m/>[39m
              [36m</svg>[39m
              [36m<span[39m
                [33mclass[39m=[32m"absolute top-1 right-1 w-4 h-4 bg-[#00a651] text-white text-xs rounded-full flex items-center justify-center"[39m
              [36m>[39m
                [0m2[0m
[1m[41m FAIL [49m[22m [31mTests failed. Watching for file changes...[39m
       [2mpress [22m[1mh[22m[2m to show help[22m[2m, [22m[2mpress [22m[1mq[22m[2m to quit[22m
              [36m</span>[39m
            [36m</button>[39m
            [36m<a[39m
              [33mclass[39m=[32m"flex items-center gap-2 px-6 py-2 bg-[#00753e] hover:bg-[#00a651] text-white rounded-lg transition-colors"[39m
              [33mdata-discover[39m=[32m"true"[39m
              [33mhref[39m=[32m"/perfil"[39m
            [36m>[39m
              [36m<svg[39m
                [33maria-hidden[39m=[32m"true"[39m
                [33mclass[39m=[32m"lucide lucide-user w-4 h-4"[39m
                [33mfill[39m=[32m"none"[39m
                [33mheight[39m=[32m"24"[39m
                [33mstroke[39m=[32m"currentColor"[39m
                [33mstroke-linecap[39m=[32m"round"[39m
                [33mstroke-linejoin[39m=[32m"round"[39m
                [33mstroke-width[39m=[32m"2"[39m
                [33mviewBox[39m=[32m"0 0 24 24"[39m
                [33mwidth[39m=[32m"24"[39m
                [33mxmlns[39m=[32m"http://www.w3.org/2000/svg"[39m
              [36m>[39m
                [36m<path[39m
                  [33md[39m=[32m"M19 21v-2a4 4 0 0 0-4-4H9a4 4 0 0 0-4 4v2"[39m
                [36m/>[39m
                [36m<circle[39m
                  [33mcx[39m=[32m"12"[39m
                  [33mcy[39m=[32m"7"[39m
                  [33mr[39m=[32m"4"[39m
                [36m/>[39m
              [36m</svg>[39m
              [36m<span[39m
                [33mclass[39m=[32m"text-base"[39m
              [36m>[39m
                [0mMi Perfil[0m
              [36m</span>[39m
            [36m</a>[39m
          [36m</div>[39m
        [36m</div>[39m
      [36m</header>[39m
      [36m<main[39m
        [33mclass[39m=[32m"flex-1 w-full flex flex-col items-center bg-slate-50 dark:bg-slate-900"[39m
      [36m>[39m
        [36m<section[39m
          [33mclass[39m=[32m"w-full flex justify-center px-4 mt-8"[39m
        [36m>[39m
          [36m<div[39m
            [33mclass[39m=[32m"flex items-center gap-3 bg-white dark:bg-slate-900 rounded-lg p-4 shadow-sm border border-slate-200 dark:border-slate-800"[39m
          [36m>[39m
            [36m<div[39m
              [33mclass[39m=[32m"flex items-center gap-2 px-4 py-2 bg-slate-100 dark:bg-slate-800 rounded-lg"[39m
            [36m>[39m
              [36m<span[39m
                [33mclass[39m=[32m"text-sm font-normal text-slate-700 dark:text-slate-300 font-['Arimo']"[39m
              [36m>[39m
                [0mSaldo:[0m
              [36m</span>[39m
              [36m<span[39m
                [33mclass[39m=[32m"text-sm font-bold text-slate-900 dark:text-white font-['Arimo']"[39m
              [36m>[39m
                [0m36.00[0m
                [0mÔé¼[0m
   ...
[90m [2mÔØ»[22m Object.getElementError node_modules/@testing-library/dom/dist/config.js:[2m37:19[22m[39m
[90m [2mÔØ»[22m getElementError node_modules/@testing-library/dom/dist/query-helpers.js:[2m20:35[22m[39m
[90m [2mÔØ»[22m getMultipleElementsFoundError node_modules/@testing-library/dom/dist/query-helpers.js:[2m23:10[22m[39m
[90m [2mÔØ»[22m node_modules/@testing-library/dom/dist/query-helpers.js:[2m55:13[22m[39m
[90m [2mÔØ»[22m node_modules/@testing-library/dom/dist/query-helpers.js:[2m95:19[22m[39m
[36m [2mÔØ»[22m src/pages/public/PublicPages.test.tsx:[2m533:19[22m[39m
    [90m531| [39m
    [90m532| [39m    [90m// Verificar que hay texto con n├║meros que representan precios[39m
    [90m533| [39m    [34mexpect[39m(screen[33m.[39m[34mgetByText[39m([36m/Socio Amigo/i[39m))[33m.[39m[34mtoBeInTheDocument[39m()[33m;[39m
    [90m   | [39m                  [31m^[39m
    [90m534| [39m  })[33m;[39m
    [90m535| [39m

[31m[2mÔÄ»ÔÄ»ÔÄ»ÔÄ»ÔÄ»ÔÄ»ÔÄ»ÔÄ»ÔÄ»ÔÄ»ÔÄ»ÔÄ»ÔÄ»ÔÄ»ÔÄ»ÔÄ»ÔÄ»ÔÄ»ÔÄ»ÔÄ»ÔÄ»ÔÄ»[24/24]ÔÄ»[22m[39m

c[3J[1m[44m RERUN [49m[22m [34m[2mrerun all tests [22m[39m

 [31mÔØ»[39m src/services/public.service.test.ts [2m([22m[2m6 tests[22m[2m | [22m[31m6 failed[39m[2m)[22m[32m 18[2mms[22m[39m
[31m       [31m├ù[31m debe obtener la lista de eventos p├║blicos[39m[32m 8[2mms[22m[39m
[31m       [31m├ù[31m debe manejar error al obtener eventos[39m[32m 2[2mms[22m[39m
[31m       [31m├ù[31m debe retornar array vac├¡o si no hay eventos[39m[32m 1[2mms[22m[39m
[31m       [31m├ù[31m debe obtener el detalle de un evento espec├¡fico[39m[32m 1[2mms[22m[39m
[31m       [31m├ù[31m debe manejar error cuando el evento no existe[39m[32m 1[2mms[22m[39m
[31m       [31m├ù[31m debe obtener evento con diferentes IDs[39m[32m 1[2mms[22m[39m
 [31mÔØ»[39m src/services/perfil.service.test.ts [2m([22m[2m11 tests[22m[2m | [22m[31m10 failed[39m[2m)[22m[32m 34[2mms[22m[39m
[31m       [31m├ù[31m debe obtener el perfil del usuario[39m[32m 7[2mms[22m[39m
[31m       [31m├ù[31m debe manejar error al obtener perfil[39m[32m 2[2mms[22m[39m
       [32mÔ£ô[39m debe actualizar el perfil correctamente[32m 5[2mms[22m[39m
[31m       [31m├ù[31m debe obtener el saldo del monedero[39m[32m 7[2mms[22m[39m
[31m       [31m├ù[31m debe recargar el monedero correctamente[39m[32m 1[2mms[22m[39m
[31m       [31m├ù[31m debe obtener el historial de compras[39m[32m 1[2mms[22m[39m
[31m       [31m├ù[31m debe obtener las entradas del usuario[39m[32m 1[2mms[22m[39m
[31m       [31m├ù[31m debe descargar una entrada[39m[32m 2[2mms[22m[39m
[31m       [31m├ù[31m debe obtener la suscripci├│n del usuario[39m[32m 1[2mms[22m[39m
[31m       [31m├ù[31m debe crear una nueva suscripci├│n[39m[32m 1[2mms[22m[39m
[31m       [31m├ù[31m debe cancelar una suscripci├│n[39m[32m 1[2mms[22m[39m
 [31mÔØ»[39m src/services/checkout.service.test.ts [2m([22m[2m8 tests[22m[2m | [22m[31m6 failed[39m[2m)[22m[32m 32[2mms[22m[39m
[31m       [31m├ù[31m debe iniciar el checkout correctamente[39m[32m 7[2mms[22m[39m
[31m       [31m├ù[31m debe manejar error al iniciar checkout[39m[32m 2[2mms[22m[39m
       [32mÔ£ô[39m debe confirmar el pago correctamente[32m 4[2mms[22m[39m
       [32mÔ£ô[39m debe obtener detalles de compra[32m 1[2mms[22m[39m
[31m       [31m├ù[31m debe listar datos fiscales del usuario[39m[32m 1[2mms[22m[39m
[31m       [31m├ù[31m debe crear datos fiscales[39m[32m 8[2mms[22m[39m
[31m       [31m├ù[31m debe actualizar datos fiscales[39m[32m 2[2mms[22m[39m
[31m       [31m├ù[31m debe eliminar datos fiscales[39m[32m 2[2mms[22m[39m
[90mstderr[2m | src/pages/public/PublicPages.test.tsx[2m > [22m[2mP├íginas P├║blicas (Cobertura)[2m > [22m[2mmaneja error en Login
[22m[39mLogin failed: Error: Error de prueba
    at C:/Users/juanm/OneDrive/Escritorio/Cosas Uni/ADAP/frontend/cudeca-frontend/src/pages/public/PublicPages.test.tsx:98:37
    at [90mfile:///C:/Users/juanm/OneDrive/Escritorio/Cosas%20Uni/ADAP/frontend/cudeca-frontend/[39mnode_modules/[4m@vitest/runner[24m/dist/index.js:145:11
    at [90mfile:///C:/Users/juanm/OneDrive/Escritorio/Cosas%20Uni/ADAP/frontend/cudeca-frontend/[39mnode_modules/[4m@vitest/runner[24m/dist/index.js:915:26
    at [90mfile:///C:/Users/juanm/OneDrive/Escritorio/Cosas%20Uni/ADAP/frontend/cudeca-frontend/[39mnode_modules/[4m@vitest/runner[24m/dist/index.js:1240:20
    at new Promise (<anonymous>)
    at runWithTimeout 
[90m(file:///C:/Users/juanm/OneDrive/Escritorio/Cosas%20Uni/ADAP/frontend/cudeca-frontend/[39mnode_modules/[4m@vitest/runner[24m/dist/index.js:1206:10[90m)[39m
    at [90mfile:///C:/Users/juanm/OneDrive/Escritorio/Cosas%20Uni/ADAP/frontend/cudeca-frontend/[39mnode_modules/[4m@vitest/runner[24m/dist/index.js:1650:37
    at Traces.$ 
[90m(file:///C:/Users/juanm/OneDrive/Escritorio/Cosas%20Uni/ADAP/frontend/cudeca-frontend/[39mnode_modules/[4mvitest[24m/dist/chunks/traces.U4xDYhzZ.js:115:27[90m)[39m
    at trace 
[90m(file:///C:/Users/juanm/OneDrive/Escritorio/Cosas%20Uni/ADAP/frontend/cudeca-frontend/[39mnode_modules/[4mvitest[24m/dist/chunks/test.BT8LKgU9.js:239:21[90m)[39m
    at runTest 
[90m(file:///C:/Users/juanm/OneDrive/Escritorio/Cosas%20Uni/ADAP/frontend/cudeca-frontend/[39mnode_modules/[4m@vitest/runner[24m/dist/index.js:1650:12[90m)[39m

 [32mÔ£ô[39m src/features/seats/SeatMapEditor.test.tsx [2m([22m[2m27 tests[22m[2m)[22m[33m 1738[2mms[22m[39m
